// Jest Snapshot v1, https://goo.gl/fbAQLP

exports[`(Component) Servicelist should render data 1`] = `"NameCreated AtActionutm0 seconds agoEditDeleteoms0 seconds agoEditDelete1"`;
