// Jest Snapshot v1, https://goo.gl/fbAQLP

exports[`(Component) UsersList should render data 1`] = `"UsernameEmailCreated at hahahahahahhahha@gmail.com1"`;
